751
597,609,741,750
749
746,748
743,747
745
744
742
740
739
738
737
736
735
734
733
732
731
730
729
728
727
726
725
723,724
718,722
717
715,716
714
683,713
688,712
711
710
709
708
707
706
705
693,704
703
694,702
701
700
698,699
697
650,652,664,696
692,695
691
681,690
687,689
686
685
684
682
680
679
678
672,676,677
675
674
673
671
666,670
669
668
667
665
626,663
661,662
658,660
659
657
656
655
654
653
648,651
649
647
646
645
644
643
628,642
640,641
629,636,639
633,638
637
632,635
621,622,634
631
602,630
627
623
618,620
619
617
615,616
611,614
612,613
610
607,608
606
605
595,596,603
601
600
599
598
594
593
592
591
590
589
588
587
586
585
584
583
582
581
580
579
578
577
576
575
574
573
572
571
570
569
568
567
566
565
564
563
562
561
560
559
558
557
556
555
554
553
552
551
550
549
548
547
546
545
544
543
542
541
540
539
538
537
536
535
534
533
532
531
530
524,529
476,489,528
527
526
525
523
522
521
520
515,518,519
517
514,516
513
492,512
511
510
495,509
503,506,508
507
505
504
502
501
500
499
498
497
496
494
493
490,491
488
487
486
485
484
483
482
480,481
479
478
477
475
446,459,474
473
471,472
470
469
468
467
466
465
464
463
462
461
441,460
458
457
456
353,356,455
454
453
452
451
450
449
448
447
445
444
443
442
435,440
439
438
437
436
434
433
432
431
409,430
429
428
427
169
425,426
424
423
421
420
419
418
417
416
415
414
413
412
411
410
408
391,407
402,406
405
404
403
401
400
399
398
397
396
393,395
394
392
389
387,388
380,386
378,379,385
374,382,384
383
381
377
376
372
371
370
369
368
367
366
362,363,364,365
358,359,360,361
315,331,357
354
352
351
350
347,348,349
346
336,342,344,345
343
341
339,340
337,338
335
333,334
332
325,330
329
327,328
326
292,324
305,307,322
321
320
319
317
316
314
313
312
311
310
309
308
306
304
301,303
296,298,302
300
299
297
295
281,294
293
290
278,289
286,288
287
283,285
260,284
165,271,273,282
280
279
277
276
275
274
272
178,184,270
187,269
193,268
190,194,201,220,267
225,266
236,265
240,264
251,263
261
258
257
256
255
254
253
252
250
249
248
246
244,245
242,243
241
239
238
237
235
231,234
233
232
230
229
227
226
224
223
222
221
219
216
215
214
213
212
211
210
209
208
207
206
205
202
200
199
198
197
196
192
191
188
186
185
183
182
181
180
179
176,177
174
173
172
171
170
168
167
166
164
162,163
122,125,161
160
158
157
156
155
154
153
151
149,150
148
145
144
143
142
141
140
139
138
135
134
132
131
130
129
106,107,108,128
127
126
42,124
115,123
121
120
109,119
102,110,118
111,117
116
112,113
104
99,103
93,101
100
98
94,96,97
92,95
91
89,90
87
84,86
79,85
82
80
78
5,76
73,75
74
63,65,70,71
45,61,68,69
66
64
62
60
59
58
57
38,56
55
54
53
52
51
50
49
48
47
46
43,44
41
34,40
39
37
36
35
33
32
31
30
21,24,29
28
27
26
25
23
22
16,20
19
18
17
15
14
13
12
11
10
9
8
7
6
4
3
2
1